<html>
<body>
<pre>
<h1>礦ision Build Log</h1>
<h2>Tool Versions:</h2>
IDE-Version: μVision V5.14.0.0
Copyright (C) 2015 ARM Ltd and ARM Germany GmbH. All rights reserved.
License Information: Zitong Bai, Beihang University, LIC=76F5U-SEHWI-306NC-7RXJ2-PS14B-MRYEJ
 
Tool Versions:
Toolchain:       MDK-ARM Standard  Version: 5.14.0.0
Toolchain Path:  D:\software\Keil_v5\ARM\ARMCC\Bin
C Compiler:      Armcc.exe V5.05 update 1 (build 106)
Assembler:       Armasm.exe V5.05 update 1 (build 106)
Linker/Locator:  ArmLink.exe V5.05 update 1 (build 106)
Library Manager: ArmAr.exe V5.05 update 1 (build 106)
Hex Converter:   FromElf.exe V5.05 update 1 (build 106)
CPU DLL:         SARMCM3.DLL V5.14.0.0
Dialog DLL:      DCM.DLL V1.13.1.0
Target DLL:      STLink\ST-LINKIII-KEIL_SWO.dll V2.0.14.0_KEIL
Dialog DLL:      TCM.DLL V1.14.4.0
 
<h2>Project:</h2>
D:\My Files Onedrive\OneDrive - buaa.edu.cn\various events\Competitions\electronic\到达A点\stm32\USER\autopilot.uvprojx
Project File Date:  11/06/2021

<h2>Output:</h2>
Build target 'autopilot'
compiling finiteStateMachine.c...
..\LOGIC\finiteStateMachine.c(482): warning:  #550-D: variable "err" was set but never used
        BaseType_t err;
..\LOGIC\finiteStateMachine.c(486): warning:  #550-D: variable "currentHeight" was set but never used
        float currentHeight = 0;
..\LOGIC\finiteStateMachine.c(487): warning:  #177-D: variable "cnt_takeoff" was declared but never referenced
        static uint8_t cnt_takeoff = 0;
..\LOGIC\finiteStateMachine.c: 3 warnings, 0 errors
linking...
Program Size: Code=36888 RO-data=3748 RW-data=712 ZI-data=25880  
FromELF: creating hex file...
"..\OBJ\autopilot.axf" - 0 Error(s), 3 Warning(s).

<h2>Collection of Component include folders:</h2>
  D:\My Files Onedrive\OneDrive - buaa.edu.cn\various events\Competitions\electronic\到达A点\stm32\USER\RTE
  D:\software\Keil_v5\ARM\PACK\Keil\STM32F1xx_DFP\1.0.5\Device\Include

<h2>Collection of Component Files used:</h2>
</pre>
</body>
</html>
